Compiling lib\main.dart for the Web...                          
flutter : Wasm dry run findings:
En línea: 1 Carácter: 1
+ flutter build web > build_output.txt 2>&1
+ ~~~~~~~~~~~~~~~~~~~~~~~~~~~~~~~~~~~~~~~~~
    + CategoryInfo          : NotSpecified 
   : (Wasm dry run findings::String) [],   
  RemoteException
    + FullyQualifiedErrorId : NativeComman 
   dError
 
Found incompatibilities with WebAssembly.

package:flutter_secure_storage_web/flutter_
secure_storage_web.dart 5:1 - dart:html 
unsupported (0)
package:flutter_secure_storage_web/src/subt
le.dart 21:1 - dart:html unsupported (0)
package:js/js.dart 10:1 - dart:js 
unsupported (1)
package:flutter_secure_storage_web/flutter_
secure_storage_web.dart 6:1 - JS interop 
library 'dart:js_util' can't be imported 
when compiling to Wasm. (2)
package:flutter_secure_storage_web/src/subt
le.dart 22:1 - JS interop library 
'dart:js_util' can't be imported when 
compiling to Wasm. (2)
package:flutter_secure_storage_web/src/subt
le.dart 26:1 - JS interop library 
'package:js/js.dart' can't be imported 
when compiling to Wasm. (2)

Consider addressing these issues to enable 
wasm builds. See docs for more info: https:
//docs.flutter.dev/platform-integration/web
/wasm

Use --no-wasm-dry-run to disable these 
warnings.
Target dart2js failed: ProcessException: 
Process exited abnormally with exit code 1:
lib/src/screens/student/profile/profile_pro
gress_screen.dart:94:31:
Error: The getter 'user' isn't defined for 
the type 'UserProvider'.
 - 'UserProvider' is from 'package:gym_app/
src/providers/user_provider.dart' 
('lib/src/providers/user_provider.dart').
    final user = userProvider.user;
                              ^^^^
Error: Compilation failed.
  Command: 
D:\flutter\bin\cache\dart-sdk\bin\dart.exe 
compile js --platform-binaries=D:\flutter\b
in\cache\flutter_web_sdk\kernel 
--invoker=flutter_tool 
-Ddart.vm.product=true 
-DFLUTTER_VERSION=3.38.5 
-DFLUTTER_CHANNEL=stable -DFLUTTER_GIT_URL=
https://github.com/flutter/flutter.git 
-DFLUTTER_FRAMEWORK_REVISION=f6ff1529fd 
-DFLUTTER_ENGINE_REVISION=1527ae0ec5 
-DFLUTTER_DART_VERSION=3.10.4 
-DFLUTTER_WEB_USE_SKIA=true 
-DFLUTTER_WEB_USE_SKWASM=false -DFLUTTER_WE
B_CANVASKIT_URL=https://www.gstatic.com/flu
tter-canvaskit/1527ae0ec577a4ef50e65f6fefcf
c1326707d9bf/ --native-null-assertions 
--no-source-maps -O4 --minify -o C:\Users\C
ristian\.gemini\antigravity\scratch\gym_app
\frontend\.dart_tool\flutter_build\1018aab0
b474c8eb658f521bdf9edbad\app.dill --package
s=C:\Users\Cristian\.gemini\antigravity\scr
atch\gym_app\frontend\.dart_tool\package_co
nfig.json --cfe-only C:\Users\Cristian\.gem
ini\antigravity\scratch\gym_app\frontend\.d
art_tool\flutter_build\1018aab0b474c8eb658f
521bdf9edbad\main.dart
#0      RunResult.throwException (package:f
lutter_tools/src/base/process.dart:153:5)
#1      _DefaultProcessUtils.run (package:f
lutter_tools/src/base/process.dart:379:19)
<asynchronous suspension>
#2      Dart2JSTarget.build (package:flutte
r_tools/src/build_system/targets/web.dart:2
07:5)
<asynchronous suspension>
#3      _BuildInstance._invokeInternal (pac
kage:flutter_tools/src/build_system/build_s
ystem.dart:895:9)
<asynchronous suspension>
#4      Future.wait.<anonymous closure> 
(dart:async/future.dart:546:21)
<asynchronous suspension>
#5      _BuildInstance.invokeTarget (packag
e:flutter_tools/src/build_system/build_syst
em.dart:833:32)
<asynchronous suspension>
#6      Future.wait.<anonymous closure> 
(dart:async/future.dart:546:21)
<asynchronous suspension>
#7      _BuildInstance.invokeTarget (packag
e:flutter_tools/src/build_system/build_syst
em.dart:833:32)
<asynchronous suspension>
#8      FlutterBuildSystem.build (package:f
lutter_tools/src/build_system/build_system.
dart:653:16)
<asynchronous suspension>
#9      WebBuilder.buildWeb (package:flutte
r_tools/src/web/compile.dart:94:34)
<asynchronous suspension>
#10     BuildWebCommand.runCommand (package
:flutter_tools/src/commands/build_web.dart:
296:5)
<asynchronous suspension>
#11     FlutterCommand.run.<anonymous 
closure> (package:flutter_tools/src/runner/
flutter_command.dart:1559:27)
<asynchronous suspension>
#12     AppContext.run.<anonymous closure> 
(package:flutter_tools/src/base/context.dar
t:154:19)
<asynchronous suspension>
#13     CommandRunner.runCommand 
(package:args/command_runner.dart:212:13)
<asynchronous suspension>
#14     
FlutterCommandRunner.runCommand.<anonymous 
closure> (package:flutter_tools/src/runner/
flutter_command_runner.dart:487:9)
<asynchronous suspension>
#15     AppContext.run.<anonymous closure> 
(package:flutter_tools/src/base/context.dar
t:154:19)
<asynchronous suspension>
#16     FlutterCommandRunner.runCommand (pa
ckage:flutter_tools/src/runner/flutter_comm
and_runner.dart:422:5)
<asynchronous suspension>
#17     run.<anonymous closure>.<anonymous 
closure> 
(package:flutter_tools/runner.dart:104:11)
<asynchronous suspension>
#18     AppContext.run.<anonymous closure> 
(package:flutter_tools/src/base/context.dar
t:154:19)
<asynchronous suspension>
#19     main (package:flutter_tools/executa
ble.dart:103:3)
<asynchronous suspension>

Compiling lib\main.dart for the Web...                             24,9s
Error: Failed to compile application for 
the Web.
