[  +70 ms] Artifact Instance of 'MaterialFonts' is not required, skipping update.
[        ] Artifact Instance of 'GradleWrapper' is not required, skipping update.
[        ] Artifact Instance of 'AndroidGenSnapshotArtifacts' is not required, skipping update.
[        ] Artifact Instance of 'AndroidInternalBuildArtifacts' is not required, skipping update.
[        ] Artifact Instance of 'IOSEngineArtifacts' is not required, skipping update.
[        ] Artifact Instance of 'FlutterWebSdk' is not required, skipping update.
[        ] Artifact Instance of 'LegacyCanvasKitRemover' is not required, skipping update.
[        ] Artifact Instance of 'FlutterSdk' is not required, skipping update.
[        ] Artifact Instance of 'WindowsEngineArtifacts' is not required, skipping update.
[        ] Artifact Instance of 'MacOSEngineArtifacts' is not required, skipping update.
[        ] Artifact Instance of 'LinuxEngineArtifacts' is not required, skipping update.
[        ] Artifact Instance of 'LinuxFuchsiaSDKArtifacts' is not required, skipping update.
[        ] Artifact Instance of 'MacOSFuchsiaSDKArtifacts' is not required, skipping update.
[        ] Artifact Instance of 'FlutterRunnerSDKArtifacts' is not required, skipping update.
[        ] Artifact Instance of 'FlutterRunnerDebugSymbols' is not required, skipping update.
[        ] Artifact Instance of 'IosUsbArtifacts' is not required, skipping update.
[        ] Artifact Instance of 'IosUsbArtifacts' is not required, skipping update.
[        ] Artifact Instance of 'IosUsbArtifacts' is not required, skipping update.
[        ] Artifact Instance of 'IosUsbArtifacts' is not required, skipping update.
[        ] Artifact Instance of 'IosUsbArtifacts' is not required, skipping update.
[        ] Artifact Instance of 'IosUsbArtifacts' is not required, skipping update.
[        ] Artifact Instance of 'FontSubsetArtifacts' is not required, skipping update.
[        ] Artifact Instance of 'PubDependencies' is not required, skipping update.
[        ] executing: [D:\flutter/] git -c log.showSignature=false log HEAD -n 1 --pretty=format:%ad --date=iso
[  +29 ms] Exit code 0 from: git -c log.showSignature=false log HEAD -n 1 --pretty=format:%ad --date=iso
[        ] 2025-12-11 11:50:07 -0500
[   +6 ms] Artifact Instance of 'AndroidGenSnapshotArtifacts' is not required, skipping update.
[        ] Artifact Instance of 'AndroidInternalBuildArtifacts' is not required, skipping update.
[        ] Artifact Instance of 'IOSEngineArtifacts' is not required, skipping update.
[        ] Artifact Instance of 'FlutterWebSdk' is not required, skipping update.
[        ] Artifact Instance of 'FlutterEngineStamp' is not required, skipping update.
[        ] Artifact Instance of 'LegacyCanvasKitRemover' is not required, skipping update.
[   +1 ms] Artifact Instance of 'WindowsEngineArtifacts' is not required, skipping update.
[        ] Artifact Instance of 'MacOSEngineArtifacts' is not required, skipping update.
[        ] Artifact Instance of 'LinuxEngineArtifacts' is not required, skipping update.
[        ] Artifact Instance of 'LinuxFuchsiaSDKArtifacts' is not required, skipping update.
[        ] Artifact Instance of 'MacOSFuchsiaSDKArtifacts' is not required, skipping update.
[        ] Artifact Instance of 'FlutterRunnerSDKArtifacts' is not required, skipping update.
[        ] Artifact Instance of 'FlutterRunnerDebugSymbols' is not required, skipping update.
[  +30 ms] Artifact Instance of 'MaterialFonts' is not required, skipping update.
[        ] Artifact Instance of 'GradleWrapper' is not required, skipping update.
[        ] Artifact Instance of 'AndroidGenSnapshotArtifacts' is not required, skipping update.
[        ] Artifact Instance of 'AndroidInternalBuildArtifacts' is not required, skipping update.
[        ] Artifact Instance of 'IOSEngineArtifacts' is not required, skipping update.
[        ] Artifact Instance of 'FlutterWebSdk' is not required, skipping update.
[        ] Artifact Instance of 'FlutterEngineStamp' is not required, skipping update.
[        ] Artifact Instance of 'LegacyCanvasKitRemover' is not required, skipping update.
[        ] Artifact Instance of 'FlutterSdk' is not required, skipping update.
[        ] Artifact Instance of 'WindowsEngineArtifacts' is not required, skipping update.
[        ] Artifact Instance of 'MacOSEngineArtifacts' is not required, skipping update.
[        ] Artifact Instance of 'LinuxEngineArtifacts' is not required, skipping update.
[        ] Artifact Instance of 'LinuxFuchsiaSDKArtifacts' is not required, skipping update.
[        ] Artifact Instance of 'MacOSFuchsiaSDKArtifacts' is not required, skipping update.
[        ] Artifact Instance of 'FlutterRunnerSDKArtifacts' is not required, skipping update.
[        ] Artifact Instance of 'FlutterRunnerDebugSymbols' is not required, skipping update.
[        ] Artifact Instance of 'IosUsbArtifacts' is not required, skipping update.
[        ] Artifact Instance of 'IosUsbArtifacts' is not required, skipping update.
[        ] Artifact Instance of 'IosUsbArtifacts' is not required, skipping update.
[        ] Artifact Instance of 'IosUsbArtifacts' is not required, skipping update.
[        ] Artifact Instance of 'IosUsbArtifacts' is not required, skipping update.
[        ] Artifact Instance of 'IosUsbArtifacts' is not required, skipping update.
[        ] Artifact Instance of 'FontSubsetArtifacts' is not required, skipping update.
[        ] Artifact Instance of 'PubDependencies' is not required, skipping update.
[   +6 ms] executing: [C:\Users\Cristian\.gemini\antigravity\scratch\gym_app\frontend/] D:\flutter\bin\cache\dart-sdk\bin\dart pub --suppress-analytics --directory . get --example
Resolving dependencies...
Downloading packages...
  characters 1.4.0 (1.4.1 available)
  connectivity_plus 6.1.5 (7.0.0 available)
  ffi 2.1.4 (2.1.5 available)
  fl_chart 0.66.2 (1.1.1 available)
  flutter_lints 2.0.3 (6.0.0 available)
  flutter_secure_storage 8.1.0 (10.0.0 available)
  flutter_secure_storage_linux 1.2.3 (3.0.0 available)
  flutter_secure_storage_macos 3.1.3 (4.0.0 available)
  flutter_secure_storage_platform_interface 1.1.2 (2.0.1 available)
  flutter_secure_storage_web 1.2.1 (2.1.0 available)
  flutter_secure_storage_windows 2.1.1 (4.1.0 available)
  js 0.6.7 (0.7.2 available)
  lints 2.1.1 (6.0.0 available)
  matcher 0.12.17 (0.12.18 available)
  material_color_utilities 0.11.1 (0.13.0 available)
  path_provider_foundation 2.5.1 (2.6.0 available)
  test_api 0.7.7 (0.7.9 available)
Got dependencies!
17 packages have newer versions incompatible with dependency constraints.
Try `flutter pub outdated` for more information.
[ +257 ms] Found plugin url_launcher at C:\Users\Cristian\AppData\Local\Pub\Cache\hosted\pub.dev\url_launcher-6.3.2\
[   +2 ms] Found plugin url_launcher_windows at C:\Users\Cristian\AppData\Local\Pub\Cache\hosted\pub.dev\url_launcher_windows-3.1.5\
[   +2 ms] Found plugin url_launcher_web at C:\Users\Cristian\AppData\Local\Pub\Cache\hosted\pub.dev\url_launcher_web-2.4.1\
[   +2 ms] Found plugin url_launcher_macos at C:\Users\Cristian\AppData\Local\Pub\Cache\hosted\pub.dev\url_launcher_macos-3.2.5\
[   +1 ms] Found plugin url_launcher_linux at C:\Users\Cristian\AppData\Local\Pub\Cache\hosted\pub.dev\url_launcher_linux-3.2.2\
[   +1 ms] Found plugin url_launcher_ios at C:\Users\Cristian\AppData\Local\Pub\Cache\hosted\pub.dev\url_launcher_ios-6.3.6\
[   +1 ms] Found plugin url_launcher_android at C:\Users\Cristian\AppData\Local\Pub\Cache\hosted\pub.dev\url_launcher_android-6.3.28\
[   +1 ms] Found plugin shared_preferences at C:\Users\Cristian\AppData\Local\Pub\Cache\hosted\pub.dev\shared_preferences-2.5.4\
[        ] Found plugin shared_preferences_windows at C:\Users\Cristian\AppData\Local\Pub\Cache\hosted\pub.dev\shared_preferences_windows-2.4.1\
[   +1 ms] Found plugin path_provider_windows at C:\Users\Cristian\AppData\Local\Pub\Cache\hosted\pub.dev\path_provider_windows-2.3.0\
[   +3 ms] Found plugin shared_preferences_web at C:\Users\Cristian\AppData\Local\Pub\Cache\hosted\pub.dev\shared_preferences_web-2.4.3\
[   +1 ms] Found plugin shared_preferences_linux at C:\Users\Cristian\AppData\Local\Pub\Cache\hosted\pub.dev\shared_preferences_linux-2.4.1\
[   +1 ms] Found plugin path_provider_linux at C:\Users\Cristian\AppData\Local\Pub\Cache\hosted\pub.dev\path_provider_linux-2.2.1\
[   +2 ms] Found plugin shared_preferences_foundation at C:\Users\Cristian\AppData\Local\Pub\Cache\hosted\pub.dev\shared_preferences_foundation-2.5.6\
[   +1 ms] Found plugin shared_preferences_android at C:\Users\Cristian\AppData\Local\Pub\Cache\hosted\pub.dev\shared_preferences_android-2.4.18\
[   +8 ms] Found plugin connectivity_plus at C:\Users\Cristian\AppData\Local\Pub\Cache\hosted\pub.dev\connectivity_plus-6.1.5\
[   +5 ms] Found plugin image_picker at C:\Users\Cristian\AppData\Local\Pub\Cache\hosted\pub.dev\image_picker-1.2.1\
[   +1 ms] Found plugin image_picker_windows at C:\Users\Cristian\AppData\Local\Pub\Cache\hosted\pub.dev\image_picker_windows-0.2.2\
[   +2 ms] Found plugin file_selector_windows at C:\Users\Cristian\AppData\Local\Pub\Cache\hosted\pub.dev\file_selector_windows-0.9.3+5\
[   +1 ms] Found plugin image_picker_macos at C:\Users\Cristian\AppData\Local\Pub\Cache\hosted\pub.dev\image_picker_macos-0.2.2+1\
[   +1 ms] Found plugin file_selector_macos at C:\Users\Cristian\AppData\Local\Pub\Cache\hosted\pub.dev\file_selector_macos-0.9.5\
[   +1 ms] Found plugin image_picker_linux at C:\Users\Cristian\AppData\Local\Pub\Cache\hosted\pub.dev\image_picker_linux-0.2.2\
[        ] Found plugin file_selector_linux at C:\Users\Cristian\AppData\Local\Pub\Cache\hosted\pub.dev\file_selector_linux-0.9.4\
[        ] Found plugin image_picker_ios at C:\Users\Cristian\AppData\Local\Pub\Cache\hosted\pub.dev\image_picker_ios-0.8.13+3\
[        ] Found plugin image_picker_for_web at C:\Users\Cristian\AppData\Local\Pub\Cache\hosted\pub.dev\image_picker_for_web-3.1.1\
[        ] Found plugin image_picker_android at C:\Users\Cristian\AppData\Local\Pub\Cache\hosted\pub.dev\image_picker_android-0.8.13+10\
[        ] Found plugin flutter_plugin_android_lifecycle at C:\Users\Cristian\AppData\Local\Pub\Cache\hosted\pub.dev\flutter_plugin_android_lifecycle-2.0.33\
[   +1 ms] Found plugin path_provider at C:\Users\Cristian\AppData\Local\Pub\Cache\hosted\pub.dev\path_provider-2.1.5\
[        ] Found plugin path_provider_foundation at C:\Users\Cristian\AppData\Local\Pub\Cache\hosted\pub.dev\path_provider_foundation-2.5.1\
[        ] Found plugin path_provider_android at C:\Users\Cristian\AppData\Local\Pub\Cache\hosted\pub.dev\path_provider_android-2.2.22\
[   +4 ms] Found plugin flutter_secure_storage at C:\Users\Cristian\AppData\Local\Pub\Cache\hosted\pub.dev\flutter_secure_storage-8.1.0\
[        ] Found plugin flutter_secure_storage_windows at C:\Users\Cristian\AppData\Local\Pub\Cache\hosted\pub.dev\flutter_secure_storage_windows-2.1.1\
[   +1 ms] Found plugin flutter_secure_storage_web at C:\Users\Cristian\AppData\Local\Pub\Cache\hosted\pub.dev\flutter_secure_storage_web-1.2.1\
[   +1 ms] Found plugin flutter_secure_storage_macos at C:\Users\Cristian\AppData\Local\Pub\Cache\hosted\pub.dev\flutter_secure_storage_macos-3.1.3\
[        ] Found plugin flutter_secure_storage_linux at C:\Users\Cristian\AppData\Local\Pub\Cache\hosted\pub.dev\flutter_secure_storage_linux-1.2.3\
[  +29 ms] Found plugin url_launcher at C:\Users\Cristian\AppData\Local\Pub\Cache\hosted\pub.dev\url_launcher-6.3.2\
[        ] Found plugin url_launcher_windows at C:\Users\Cristian\AppData\Local\Pub\Cache\hosted\pub.dev\url_launcher_windows-3.1.5\
[   +1 ms] Found plugin url_launcher_web at C:\Users\Cristian\AppData\Local\Pub\Cache\hosted\pub.dev\url_launcher_web-2.4.1\
[   +1 ms] Found plugin url_launcher_macos at C:\Users\Cristian\AppData\Local\Pub\Cache\hosted\pub.dev\url_launcher_macos-3.2.5\
[        ] Found plugin url_launcher_linux at C:\Users\Cristian\AppData\Local\Pub\Cache\hosted\pub.dev\url_launcher_linux-3.2.2\
[        ] Found plugin url_launcher_ios at C:\Users\Cristian\AppData\Local\Pub\Cache\hosted\pub.dev\url_launcher_ios-6.3.6\
[        ] Found plugin url_launcher_android at C:\Users\Cristian\AppData\Local\Pub\Cache\hosted\pub.dev\url_launcher_android-6.3.28\
[        ] Found plugin shared_preferences at C:\Users\Cristian\AppData\Local\Pub\Cache\hosted\pub.dev\shared_preferences-2.5.4\
[        ] Found plugin shared_preferences_windows at C:\Users\Cristian\AppData\Local\Pub\Cache\hosted\pub.dev\shared_preferences_windows-2.4.1\
[   +1 ms] Found plugin path_provider_windows at C:\Users\Cristian\AppData\Local\Pub\Cache\hosted\pub.dev\path_provider_windows-2.3.0\
[   +2 ms] Found plugin shared_preferences_web at C:\Users\Cristian\AppData\Local\Pub\Cache\hosted\pub.dev\shared_preferences_web-2.4.3\
[        ] Found plugin shared_preferences_linux at C:\Users\Cristian\AppData\Local\Pub\Cache\hosted\pub.dev\shared_preferences_linux-2.4.1\
[        ] Found plugin path_provider_linux at C:\Users\Cristian\AppData\Local\Pub\Cache\hosted\pub.dev\path_provider_linux-2.2.1\
[        ] Found plugin shared_preferences_foundation at C:\Users\Cristian\AppData\Local\Pub\Cache\hosted\pub.dev\shared_preferences_foundation-2.5.6\
[        ] Found plugin shared_preferences_android at C:\Users\Cristian\AppData\Local\Pub\Cache\hosted\pub.dev\shared_preferences_android-2.4.18\
[   +4 ms] Found plugin connectivity_plus at C:\Users\Cristian\AppData\Local\Pub\Cache\hosted\pub.dev\connectivity_plus-6.1.5\
[   +4 ms] Found plugin image_picker at C:\Users\Cristian\AppData\Local\Pub\Cache\hosted\pub.dev\image_picker-1.2.1\
[        ] Found plugin image_picker_windows at C:\Users\Cristian\AppData\Local\Pub\Cache\hosted\pub.dev\image_picker_windows-0.2.2\
[   +1 ms] Found plugin file_selector_windows at C:\Users\Cristian\AppData\Local\Pub\Cache\hosted\pub.dev\file_selector_windows-0.9.3+5\
[   +1 ms] Found plugin image_picker_macos at C:\Users\Cristian\AppData\Local\Pub\Cache\hosted\pub.dev\image_picker_macos-0.2.2+1\
[        ] Found plugin file_selector_macos at C:\Users\Cristian\AppData\Local\Pub\Cache\hosted\pub.dev\file_selector_macos-0.9.5\
[        ] Found plugin image_picker_linux at C:\Users\Cristian\AppData\Local\Pub\Cache\hosted\pub.dev\image_picker_linux-0.2.2\
[        ] Found plugin file_selector_linux at C:\Users\Cristian\AppData\Local\Pub\Cache\hosted\pub.dev\file_selector_linux-0.9.4\
[        ] Found plugin image_picker_ios at C:\Users\Cristian\AppData\Local\Pub\Cache\hosted\pub.dev\image_picker_ios-0.8.13+3\
[        ] Found plugin image_picker_for_web at C:\Users\Cristian\AppData\Local\Pub\Cache\hosted\pub.dev\image_picker_for_web-3.1.1\
[        ] Found plugin image_picker_android at C:\Users\Cristian\AppData\Local\Pub\Cache\hosted\pub.dev\image_picker_android-0.8.13+10\
[        ] Found plugin flutter_plugin_android_lifecycle at C:\Users\Cristian\AppData\Local\Pub\Cache\hosted\pub.dev\flutter_plugin_android_lifecycle-2.0.33\
[        ] Found plugin path_provider at C:\Users\Cristian\AppData\Local\Pub\Cache\hosted\pub.dev\path_provider-2.1.5\
[        ] Found plugin path_provider_foundation at C:\Users\Cristian\AppData\Local\Pub\Cache\hosted\pub.dev\path_provider_foundation-2.5.1\
[        ] Found plugin path_provider_android at C:\Users\Cristian\AppData\Local\Pub\Cache\hosted\pub.dev\path_provider_android-2.2.22\
[   +3 ms] Found plugin flutter_secure_storage at C:\Users\Cristian\AppData\Local\Pub\Cache\hosted\pub.dev\flutter_secure_storage-8.1.0\
[        ] Found plugin flutter_secure_storage_windows at C:\Users\Cristian\AppData\Local\Pub\Cache\hosted\pub.dev\flutter_secure_storage_windows-2.1.1\
[   +1 ms] Found plugin flutter_secure_storage_web at C:\Users\Cristian\AppData\Local\Pub\Cache\hosted\pub.dev\flutter_secure_storage_web-1.2.1\
[   +1 ms] Found plugin flutter_secure_storage_macos at C:\Users\Cristian\AppData\Local\Pub\Cache\hosted\pub.dev\flutter_secure_storage_macos-3.1.3\
[        ] Found plugin flutter_secure_storage_linux at C:\Users\Cristian\AppData\Local\Pub\Cache\hosted\pub.dev\flutter_secure_storage_linux-1.2.3\
[   +6 ms] Skipping generating web_plugin_registrant.dart because it is up-to-date.
[  +16 ms] Found plugin url_launcher at C:\Users\Cristian\AppData\Local\Pub\Cache\hosted\pub.dev\url_launcher-6.3.2\
[        ] Found plugin url_launcher_windows at C:\Users\Cristian\AppData\Local\Pub\Cache\hosted\pub.dev\url_launcher_windows-3.1.5\
[   +1 ms] Found plugin url_launcher_web at C:\Users\Cristian\AppData\Local\Pub\Cache\hosted\pub.dev\url_launcher_web-2.4.1\
[   +1 ms] Found plugin url_launcher_macos at C:\Users\Cristian\AppData\Local\Pub\Cache\hosted\pub.dev\url_launcher_macos-3.2.5\
[        ] Found plugin url_launcher_linux at C:\Users\Cristian\AppData\Local\Pub\Cache\hosted\pub.dev\url_launcher_linux-3.2.2\
[        ] Found plugin url_launcher_ios at C:\Users\Cristian\AppData\Local\Pub\Cache\hosted\pub.dev\url_launcher_ios-6.3.6\
[        ] Found plugin url_launcher_android at C:\Users\Cristian\AppData\Local\Pub\Cache\hosted\pub.dev\url_launcher_android-6.3.28\
[        ] Found plugin shared_preferences at C:\Users\Cristian\AppData\Local\Pub\Cache\hosted\pub.dev\shared_preferences-2.5.4\
[        ] Found plugin shared_preferences_windows at C:\Users\Cristian\AppData\Local\Pub\Cache\hosted\pub.dev\shared_preferences_windows-2.4.1\
[        ] Found plugin path_provider_windows at C:\Users\Cristian\AppData\Local\Pub\Cache\hosted\pub.dev\path_provider_windows-2.3.0\
[   +2 ms] Found plugin shared_preferences_web at C:\Users\Cristian\AppData\Local\Pub\Cache\hosted\pub.dev\shared_preferences_web-2.4.3\
[        ] Found plugin shared_preferences_linux at C:\Users\Cristian\AppData\Local\Pub\Cache\hosted\pub.dev\shared_preferences_linux-2.4.1\
[        ] Found plugin path_provider_linux at C:\Users\Cristian\AppData\Local\Pub\Cache\hosted\pub.dev\path_provider_linux-2.2.1\
[        ] Found plugin shared_preferences_foundation at C:\Users\Cristian\AppData\Local\Pub\Cache\hosted\pub.dev\shared_preferences_foundation-2.5.6\
[        ] Found plugin shared_preferences_android at C:\Users\Cristian\AppData\Local\Pub\Cache\hosted\pub.dev\shared_preferences_android-2.4.18\
[   +3 ms] Found plugin connectivity_plus at C:\Users\Cristian\AppData\Local\Pub\Cache\hosted\pub.dev\connectivity_plus-6.1.5\
[   +3 ms] Found plugin image_picker at C:\Users\Cristian\AppData\Local\Pub\Cache\hosted\pub.dev\image_picker-1.2.1\
[        ] Found plugin image_picker_windows at C:\Users\Cristian\AppData\Local\Pub\Cache\hosted\pub.dev\image_picker_windows-0.2.2\
[   +1 ms] Found plugin file_selector_windows at C:\Users\Cristian\AppData\Local\Pub\Cache\hosted\pub.dev\file_selector_windows-0.9.3+5\
[   +1 ms] Found plugin image_picker_macos at C:\Users\Cristian\AppData\Local\Pub\Cache\hosted\pub.dev\image_picker_macos-0.2.2+1\
[        ] Found plugin file_selector_macos at C:\Users\Cristian\AppData\Local\Pub\Cache\hosted\pub.dev\file_selector_macos-0.9.5\
[        ] Found plugin image_picker_linux at C:\Users\Cristian\AppData\Local\Pub\Cache\hosted\pub.dev\image_picker_linux-0.2.2\
[        ] Found plugin file_selector_linux at C:\Users\Cristian\AppData\Local\Pub\Cache\hosted\pub.dev\file_selector_linux-0.9.4\
[        ] Found plugin image_picker_ios at C:\Users\Cristian\AppData\Local\Pub\Cache\hosted\pub.dev\image_picker_ios-0.8.13+3\
[   +1 ms] Found plugin image_picker_for_web at C:\Users\Cristian\AppData\Local\Pub\Cache\hosted\pub.dev\image_picker_for_web-3.1.1\
[        ] Found plugin image_picker_android at C:\Users\Cristian\AppData\Local\Pub\Cache\hosted\pub.dev\image_picker_android-0.8.13+10\
[        ] Found plugin flutter_plugin_android_lifecycle at C:\Users\Cristian\AppData\Local\Pub\Cache\hosted\pub.dev\flutter_plugin_android_lifecycle-2.0.33\
[        ] Found plugin path_provider at C:\Users\Cristian\AppData\Local\Pub\Cache\hosted\pub.dev\path_provider-2.1.5\
[        ] Found plugin path_provider_foundation at C:\Users\Cristian\AppData\Local\Pub\Cache\hosted\pub.dev\path_provider_foundation-2.5.1\
[        ] Found plugin path_provider_android at C:\Users\Cristian\AppData\Local\Pub\Cache\hosted\pub.dev\path_provider_android-2.2.22\
[   +2 ms] Found plugin flutter_secure_storage at C:\Users\Cristian\AppData\Local\Pub\Cache\hosted\pub.dev\flutter_secure_storage-8.1.0\
[        ] Found plugin flutter_secure_storage_windows at C:\Users\Cristian\AppData\Local\Pub\Cache\hosted\pub.dev\flutter_secure_storage_windows-2.1.1\
[        ] Found plugin flutter_secure_storage_web at C:\Users\Cristian\AppData\Local\Pub\Cache\hosted\pub.dev\flutter_secure_storage_web-1.2.1\
[        ] Found plugin flutter_secure_storage_macos at C:\Users\Cristian\AppData\Local\Pub\Cache\hosted\pub.dev\flutter_secure_storage_macos-3.1.3\
[        ] Found plugin flutter_secure_storage_linux at C:\Users\Cristian\AppData\Local\Pub\Cache\hosted\pub.dev\flutter_secure_storage_linux-1.2.3\
[   +3 ms] Generating C:\Users\Cristian\.gemini\antigravity\scratch\gym_app\frontend\android\app\src\main\java\io\flutter\plugins\GeneratedPluginRegistrant.java
[        ] Skipping generating GeneratedPluginRegistrant.java because it is up-to-date.
[   +1 ms] Skipping generating generated_plugin_registrant.h because it is up-to-date.
[        ] Skipping generating generated_plugin_registrant.cc because it is up-to-date.
[        ] Skipping generating generated_plugins.cmake because it is up-to-date.
[   +1 ms] Skipping generating generated_plugin_registrant.h because it is up-to-date.
[        ] Skipping generating generated_plugin_registrant.cc because it is up-to-date.
[   +1 ms] Skipping generating generated_plugins.cmake because it is up-to-date.
[   +1 ms] Skipping generating GeneratedPluginRegistrant.h because it is up-to-date.
[        ] Skipping generating GeneratedPluginRegistrant.m because it is up-to-date.
[        ] Skipping generating GeneratedPluginRegistrant.swift because it is up-to-date.
[ +263 ms] dart D:\flutter\bin\cache\dart-sdk\bin\snapshots\analysis_server.dart.snapshot --disable-server-feature-completion --disable-server-feature-search --sdk D:\flutter\bin\cache\dart-sdk
[   +6 ms] ==> {"id":"1","method":"server.setSubscriptions","params":{"subscriptions":["STATUS"]}}
[        ] ==> {"id":"2","method":"analysis.setAnalysisRoots","params":{"included":["c:\\users\\cristian\\.gemini\\antigravity\\scratch\\gym_app\\frontend\\lib\\src\\screens\\student\\muscle_flow_screen.dart","c:\\users\\cristian\\.gemini\\antigravity\\scratch\\gym_app\\frontend\\lib\\src\\screens\\student\\muscle_flow"],"excluded":[]}}
[        ] Analyzing 2 items...
[  +77 ms] <== {"event":"server.connected","params":{"version":"1.40.0","pid":25144}}
[   +6 ms] <== {"id":"1"}
[  +28 ms] <== {"event":"server.status","params":{"analysis":{"isAnalyzing":true}}}
[ +541 ms] <== {"event":"analysis.errors","params":{"file":"c:\\users\\cristian\\.gemini\\antigravity\\scratch\\gym_app\\frontend\\lib\\src\\screens\\student\\muscle_flow\\muscle_flow_body.dart","errors":[{"severity":"ERROR","type":"COMPILE_TIME_ERROR","location":{"file":"c:\\users\\cristian\\.gemini\\antigravity\\scratch\\gym_app\\frontend\\lib\\src\\screens\\student\\muscle_flow\\muscle_flow_body.dart","offset":153,"length":37,"startLine":4,"startColumn":8,"endLine":4,"endColumn":45},"message":"Target of URI doesn't exist: '../../../../models/stats_model.dart'.","correction":"Try creating the file referenced by the URI, or try using a URI for a file that does exist.","code":"uri_does_not_exist","url":"https://dart.dev/diagnostics/uri_does_not_exist","hasFix":false},{"severity":"ERROR","type":"COMPILE_TIME_ERROR","location":{"file":"c:\\users\\cristian\\.gemini\\antigravity\\scratch\\gym_app\\frontend\\lib\\src\\screens\\student\\muscle_flow\\muscle_flow_body.dart","offset":289,"length":10,"startLine":8,"startColumn":14,"endLine":8,"endColumn":24},"message":"The name 'MuscleLoad' isn't a type, so it can't be used as a type argument.","correction":"Try correcting the name to an existing type, or defining a type named 'MuscleLoad'.","code":"non_type_as_type_argument","url":"https://dart.dev/diagnostics/non_type_as_type_argument","hasFix":false},{"severity":"INFO","type":"HINT","location":{"file":"c:\\users\\cristian\\.gemini\\antigravity\\scratch\\gym_app\\frontend\\lib\\src\\screens\\student\\muscle_flow\\muscle_flow_body.dart","offset":1466,"length":5,"startLine":51,"startColumn":34,"endLine":51,"endColumn":39},"message":"'value' is deprecated and shouldn't be used. Use component accessors like .r or .g, or toARGB32 for an explicit conversion.","correction":"Try replacing the use of the deprecated member with the replacement.","code":"deprecated_member_use","url":"https://dart.dev/diagnostics/deprecated_member_use","hasFix":false}]}}
[   +1 ms] <== {"id":"2"}
[        ] <== {"event":"analysis.errors","params":{"file":"c:\\users\\cristian\\.gemini\\antigravity\\scratch\\gym_app\\frontend\\lib\\src\\screens\\student\\muscle_flow\\muscle_flow_list.dart","errors":[{"severity":"ERROR","type":"COMPILE_TIME_ERROR","location":{"file":"c:\\users\\cristian\\.gemini\\antigravity\\scratch\\gym_app\\frontend\\lib\\src\\screens\\student\\muscle_flow\\muscle_flow_list.dart","offset":48,"length":37,"startLine":2,"startColumn":8,"endLine":2,"endColumn":45},"message":"Target of URI doesn't exist: '../../../../models/stats_model.dart'.","correction":"Try creating the file referenced by the URI, or try using a URI for a file that does exist.","code":"uri_does_not_exist","url":"https://dart.dev/diagnostics/uri_does_not_exist","hasFix":false},{"severity":"ERROR","type":"COMPILE_TIME_ERROR","location":{"file":"c:\\users\\cristian\\.gemini\\antigravity\\scratch\\gym_app\\frontend\\lib\\src\\screens\\student\\muscle_flow\\muscle_flow_list.dart","offset":185,"length":10,"startLine":6,"startColumn":14,"endLine":6,"endColumn":24},"message":"The name 'MuscleLoad' isn't a type, so it can't be used as a type argument.","correction":"Try correcting the name to an existing type, or defining a type named 'MuscleLoad'.","code":"non_type_as_type_argument","url":"https://dart.dev/diagnostics/non_type_as_type_argument","hasFix":false},{"severity":"ERROR","type":"COMPILE_TIME_ERROR","location":{"file":"c:\\users\\cristian\\.gemini\\antigravity\\scratch\\gym_app\\frontend\\lib\\src\\screens\\student\\muscle_flow\\muscle_flow_list.dart","offset":518,"length":10,"startLine":18,"startColumn":30,"endLine":18,"endColumn":40},"message":"The name 'MuscleLoad' isn't a type, so it can't be used as a type argument.","correction":"Try correcting the name to an existing type, or defining a type named 'MuscleLoad'.","code":"non_type_as_type_argument","url":"https://dart.dev/diagnostics/non_type_as_type_argument","hasFix":false},{"severity":"ERROR","type":"COMPILE_TIME_ERROR","location":{"file":"c:\\users\\cristian\\.gemini\\antigravity\\scratch\\gym_app\\frontend\\lib\\src\\screens\\student\\muscle_flow\\muscle_flow_list.dart","offset":560,"length":4,"startLine":18,"startColumn":72,"endLine":18,"endColumn":76},"message":"The property 'load' can't be unconditionally accessed because the receiver can be 'null'.","correction":"Try making the access conditional (using '?.') or adding a null check to the target ('!').","code":"unchecked_use_of_nullable_value","url":"https://dart.dev/diagnostics/unchecked_use_of_nullable_value","hasFix":false},{"severity":"ERROR","type":"COMPILE_TIME_ERROR","location":{"file":"c:\\users\\cristian\\.gemini\\antigravity\\scratch\\gym_app\\frontend\\lib\\src\\screens\\student\\muscle_flow\\muscle_flow_list.dart","offset":577,"length":4,"startLine":18,"startColumn":89,"endLine":18,"endColumn":93},"message":"The property 'load' can't be unconditionally accessed because the receiver can be 'null'.","correction":"Try making the access conditional (using '?.') or adding a null check to the target ('!').","code":"unchecked_use_of_nullable_value","url":"https://dart.dev/diagnostics/unchecked_use_of_nullable_value","hasFix":false},{"severity":"INFO","type":"HINT","location":{"file":"c:\\users\\cristian\\.gemini\\antigravity\\scratch\\gym_app\\frontend\\lib\\src\\screens\\student\\muscle_flow\\muscle_flow_list.dart","offset":1781,"length":11,"startLine":45,"startColumn":38,"endLine":45,"endColumn":49},"message":"'withOpacity' is deprecated and shouldn't be used. Use .withValues() to avoid precision loss.","correction":"Try replacing the use of the deprecated member with the replacement.","code":"deprecated_member_use","url":"https://dart.dev/diagnostics/deprecated_member_use","hasFix":false},{"severity":"INFO","type":"HINT","location":{"file":"c:\\users\\cristian\\.gemini\\antigravity\\scratch\\gym_app\\frontend\\lib\\src\\screens\\student\\muscle_flow\\muscle_flow_list.dart","offset":2092,"length":11,"startLine":51,"startColumn":44,"endLine":51,"endColumn":55},"message":"'withOpacity' is deprecated and shouldn't be used. Use .withValues() to avoid precision loss.","correction":"Try replacing the use of the deprecated member with the replacement.","code":"deprecated_member_use","url":"https://dart.dev/diagnostics/deprecated_member_use","hasFix":false}]}}
[        ] <== {"event":"analysis.errors","params":{"file":"c:\\users\\cristian\\.gemini\\antigravity\\scratch\\gym_app\\frontend\\lib\\src\\screens\\student\\muscle_flow\\muscle_flow_summary.dart","errors":[{"severity":"ERROR","type":"COMPILE_TIME_ERROR","location":{"file":"c:\\users\\cristian\\.gemini\\antigravity\\scratch\\gym_app\\frontend\\lib\\src\\screens\\student\\muscle_flow\\muscle_flow_summary.dart","offset":48,"length":37,"startLine":2,"startColumn":8,"endLine":2,"endColumn":45},"message":"Target of URI doesn't exist: '../../../../models/stats_model.dart'.","correction":"Try creating the file referenced by the URI, or try using a URI for a file that does exist.","code":"uri_does_not_exist","url":"https://dart.dev/diagnostics/uri_does_not_exist","hasFix":false},{"severity":"ERROR","type":"COMPILE_TIME_ERROR","location":{"file":"c:\\users\\cristian\\.gemini\\antigravity\\scratch\\gym_app\\frontend\\lib\\src\\screens\\student\\muscle_flow\\muscle_flow_summary.dart","offset":188,"length":10,"startLine":6,"startColumn":14,"endLine":6,"endColumn":24},"message":"The name 'MuscleLoad' isn't a type, so it can't be used as a type argument.","correction":"Try correcting the name to an existing type, or defining a type named 'MuscleLoad'.","code":"non_type_as_type_argument","url":"https://dart.dev/diagnostics/non_type_as_type_argument","hasFix":false}]}}
[        ] <== {"event":"analysis.errors","params":{"file":"c:\\users\\cristian\\.gemini\\antigravity\\scratch\\gym_app\\frontend\\lib\\src\\screens\\student\\muscle_flow\\muscle_flow_utils.dart","errors":[]}}
[ +118 ms] <== {"event":"analysis.errors","params":{"file":"c:\\users\\cristian\\.gemini\\antigravity\\scratch\\gym_app\\frontend\\lib\\src\\screens\\student\\muscle_flow_screen.dart","errors":[]}}
[        ] <== {"event":"server.status","params":{"analysis":{"isAnalyzing":false}}}
[        ] Analyzing 2 items... (completed in 776ms)
[        ]   error - Target of URI doesn't exist: '../../../../models/stats_model.dart' - lib\src\screens\student\muscle_flow\muscle_flow_body.dart:4:8 - uri_does_not_exist
[        ]   error - The name 'MuscleLoad' isn't a type, so it can't be used as a type argument - lib\src\screens\student\muscle_flow\muscle_flow_body.dart:8:14 - non_type_as_type_argument
[        ]    info - 'value' is deprecated and shouldn't be used. Use component accessors like .r or .g, or toARGB32 for an explicit conversion - lib\src\screens\student\muscle_flow\muscle_flow_body.dart:51:34 - deprecated_member_use
[        ]   error - Target of URI doesn't exist: '../../../../models/stats_model.dart' - lib\src\screens\student\muscle_flow\muscle_flow_list.dart:2:8 - uri_does_not_exist
[        ]   error - The name 'MuscleLoad' isn't a type, so it can't be used as a type argument - lib\src\screens\student\muscle_flow\muscle_flow_list.dart:6:14 - non_type_as_type_argument
[        ]   error - The name 'MuscleLoad' isn't a type, so it can't be used as a type argument - lib\src\screens\student\muscle_flow\muscle_flow_list.dart:18:30 - non_type_as_type_argument
[        ]   error - The property 'load' can't be unconditionally accessed because the receiver can be 'null' - lib\src\screens\student\muscle_flow\muscle_flow_list.dart:18:72 - unchecked_use_of_nullable_value
[        ]   error - The property 'load' can't be unconditionally accessed because the receiver can be 'null' - lib\src\screens\student\muscle_flow\muscle_flow_list.dart:18:89 - unchecked_use_of_nullable_value
[        ]    info - 'withOpacity' is deprecated and shouldn't be used. Use .withValues() to avoid precision loss - lib\src\screens\student\muscle_flow\muscle_flow_list.dart:45:38 - deprecated_member_use
[        ]    info - 'withOpacity' is deprecated and shouldn't be used. Use .withValues() to avoid precision loss - lib\src\screens\student\muscle_flow\muscle_flow_list.dart:51:44 - deprecated_member_use
[        ]   error - Target of URI doesn't exist: '../../../../models/stats_model.dart' - lib\src\screens\student\muscle_flow\muscle_flow_summary.dart:2:8 - uri_does_not_exist
[        ]   error - The name 'MuscleLoad' isn't a type, so it can't be used as a type argument - lib\src\screens\student\muscle_flow\muscle_flow_summary.dart:6:14 - non_type_as_type_argument
[        ] "flutter analyze" took 1.552ms.
[  +37 ms] 12 issues found. (ran in 0.8s)
[        ] 
           #0      throwToolExit (package:flutter_tools/src/base/common.dart:34:3)
           #1      AnalyzeOnce.analyze (package:flutter_tools/src/commands/analyze_once.dart:150:7)
           <asynchronous suspension>
           #2      AnalyzeCommand.runCommand (package:flutter_tools/src/commands/analyze.dart:381:7)
           <asynchronous suspension>
           #3      FlutterCommand.run.<anonymous closure> (package:flutter_tools/src/runner/flutter_command.dart:1559:27)
           <asynchronous suspension>
           #4      AppContext.run.<anonymous closure> (package:flutter_tools/src/base/context.dart:154:19)
           <asynchronous suspension>
           #5      CommandRunner.runCommand (package:args/command_runner.dart:212:13)
           <asynchronous suspension>
           #6      FlutterCommandRunner.runCommand.<anonymous closure> (package:flutter_tools/src/runner/flutter_command_runner.dart:487:9)
           <asynchronous suspension>
           #7      AppContext.run.<anonymous closure> (package:flutter_tools/src/base/context.dart:154:19)
           <asynchronous suspension>
           #8      FlutterCommandRunner.runCommand (package:flutter_tools/src/runner/flutter_command_runner.dart:422:5)
           <asynchronous suspension>
           #9      run.<anonymous closure>.<anonymous closure> (package:flutter_tools/runner.dart:104:11)
           <asynchronous suspension>
           #10     AppContext.run.<anonymous closure> (package:flutter_tools/src/base/context.dart:154:19)
           <asynchronous suspension>
           #11     main (package:flutter_tools/executable.dart:103:3)
           <asynchronous suspension>


[        ] Running 1 shutdown hook
[        ] Shutdown hooks complete
[  +48 ms] exiting with code 1
