{"message":["weeks.0.days.0.exercises.0.reps must be a string"],"error":"Bad Request","statusCode":400}